

********************************************************************  Tool and Invocation  *********************************************************************
+--------------------------------------------------------------------------------------------------------------------------------------------------------------+
| tool         | TASKING TSK3000 object linker v99.9r9 Build 020                                                                                               |
| path         | C:\PROGRAM FILES\ALTIUM DESIGNER 6\System\Tasking\c3000\bin\lk3000                                                                            |
| arguments    | -f cc3084a                                                                                                                                    |
| file:cc3084a | main.obj -o tsk3000.abs -dtsk3000_mem.lsl -dtsk3000.lsl "-dC:\PROGRAM FILES\ALTIUM DESIGNER 6\System\Tasking\c3000\include.lsl\3000.lsl" -M   |
|              | -ctsk3000:IHEX "-LC:\PROGRAM FILES\ALTIUM DESIGNER 6\System\Tasking\c3000\lib" -O1 -M -mcfklmoQrSu -lc3000md -lfp3000md                       |
| task         | task1                                                                                                                                         |
+--------------------------------------------------------------------------------------------------------------------------------------------------------------+


***********************************************************************  Used Resources  ***********************************************************************

* Memory usage in bytes
========================
+------------------------------------------------------------+
| Memory      | Code   | Data   | Reserved | Free   | Total  |
|============================================================|
| system:iram |    0x0 | 0x02fb |   0x1001 | 0x2d04 | 0x4000 |
| system:irom | 0x0988 | 0x0150 |      0x0 | 0x3528 | 0x4000 |
|------------------------------------------------------------|
| Total       | 0x0988 | 0x044b |   0x1001 | 0x622c | 0x8000 |
+------------------------------------------------------------+

* Space usage in bytes
=======================
+---------------------------------------------------------------------------------------------------------------+
| Space          | Native used Rom | Native used Ram | Foreign used |  Reserved | Free Rom |  Free Ram | Total  |
|===============================================================================================================|
| system:sw:main |          0x0ad8 |          0x02fb |          0x0 |    0x1001 |   0x3528 |    0x2d04 | 0x8000 |
|---------------------------------------------------------------------------------------------------------------|
| Total          |          0x0ad8 |          0x02fb |            - |         - |        - |         - |      - |
| Largest gap    |               - |               - |            - |         - |   0x3528 |    0x2d04 |      - |
+---------------------------------------------------------------------------------------------------------------+

Note:
When spaces share memory with each other, some space can be consumed by sections
located in other spaces. In the table above we call this foreign used space as 
opposed to native used space.

* Estimated stack usage
========================
+-------------------------+
| Stack Name | Used       |
|=========================|
| stack   0  | 0x000000dc |
|-------------------------|
| recursive  | no         |
+-------------------------+


**********************************************************************  Processed Files  ***********************************************************************
+---------------------------------------------------------------+
| File           | From archive | Symbol causing the extraction |
|===============================================================|
| _Exit.obj      | c3000md.lib  | _Exit                         |
| _filbuf.obj    | c3000md.lib  | _filbuf                       |
| _flsbuf.obj    | c3000md.lib  | _flsbuf                       |
| _iob.obj       | c3000md.lib  | _iob                          |
| clock.obj      | c3000md.lib  | clock                         |
| cstart.obj     | c3000md.lib  | _START                        |
| divmod64.obj   | c3000md.lib  | __udiv64                      |
| errno.obj      | c3000md.lib  | errno                         |
| exit.obj       | c3000md.lib  | exit                          |
| fclose.obj     | c3000md.lib  | fclose                        |
| fflush.obj     | c3000md.lib  | _fflush                       |
| fgetc.obj      | c3000md.lib  | fgetc                         |
| fputc.obj      | c3000md.lib  | fputc                         |
| fss.obj        | c3000md.lib  | _fss_break                    |
| fss__close.obj | c3000md.lib  | _close                        |
| fss__lseek.obj | c3000md.lib  | _lseek                        |
| fss__open2.obj | c3000md.lib  | _host_open2                   |
| fss__read.obj  | c3000md.lib  | _read                         |
| fss_init.obj   | c3000md.lib  | _fss_init                     |
| main.obj       |              |                               |
| memcpy.obj     | c3000md.lib  | memcpy                        |
| mul64.obj      | c3000md.lib  | __mul64                       |
| setbuf.obj     | c3000md.lib  | setbuf                        |
| strcpy.obj     | c3000md.lib  | strcpy                        |
| strlen.obj     | c3000md.lib  | strlen                        |
| ungetc.obj     | c3000md.lib  | ungetc                        |
| weakstub.obj   | c3000md.lib  | _weakstub                     |
+---------------------------------------------------------------+


************************************************************************  Link Result  *************************************************************************
+--------------------------------------------------------------------------------------------------------------+
| [in] File      | [in] Section       | [in] Size (MAU) | [out] Offset | [out] Section      | [out] Size (MAU) |
|==============================================================================================================|
| main.obj       | .bss (44)          | 0x00000070      | 0x0          | .bss (44)          | 0x00000070       |
|--------------------------------------------------------------------------------------------------------------|
| _iob.obj       | .bss.libc (427)    | 0x000000a0      | 0x0          | .bss.libc (427)    | 0x000000a0       |
|--------------------------------------------------------------------------------------------------------------|
| fss_init.obj   | .bss.libc (522)    | 0x00000003      | 0x0          | .bss.libc (522)    | 0x00000003       |
|--------------------------------------------------------------------------------------------------------------|
| fss.obj        | .bss.libc (538)    | 0x0000010c      | 0x0          | .bss.libc (538)    | 0x0000010c       |
|--------------------------------------------------------------------------------------------------------------|
| errno.obj      | .bss.libc (589)    | 0x00000004      | 0x0          | .bss.libc (589)    | 0x00000004       |
|--------------------------------------------------------------------------------------------------------------|
| _iob.obj       | .data.libc (426)   | 0x000000c8      | 0x0          | .data.libc (426)   | 0x000000c8       |
|--------------------------------------------------------------------------------------------------------------|
| fss_init.obj   | .rodata.libc (523) | 0x0000000c      | 0x0          | .rodata.libc (523) | 0x0000000c       |
|--------------------------------------------------------------------------------------------------------------|
| main.obj       | .sbss (42)         | 0x00000004      | 0x0          | .sbss (42)         | 0x00000004       |
|--------------------------------------------------------------------------------------------------------------|
| main.obj       | .sdata (43)        | 0x00000008      | 0x0          | .sdata (43)        | 0x00000008       |
|--------------------------------------------------------------------------------------------------------------|
| main.obj       | .sdata (45)        | 0x00000004      | 0x0          | .sdata (45)        | 0x00000004       |
|--------------------------------------------------------------------------------------------------------------|
| main.obj       | .text (1)          | 0x00000158      | 0x0          | .text (1)          | 0x00000158       |
|--------------------------------------------------------------------------------------------------------------|
| main.obj       | .text (12)         | 0x00000044      | 0x0          | .text (12)         | 0x00000044       |
|--------------------------------------------------------------------------------------------------------------|
| main.obj       | .text (13)         | 0x00000078      | 0x0          | .text (13)         | 0x00000078       |
|--------------------------------------------------------------------------------------------------------------|
| main.obj       | .text (14)         | 0x00000024      | 0x0          | .text (14)         | 0x00000024       |
|--------------------------------------------------------------------------------------------------------------|
| main.obj       | .text (15)         | 0x0000006c      | 0x0          | .text (15)         | 0x0000006c       |
|--------------------------------------------------------------------------------------------------------------|
| main.obj       | .text (16)         | 0x00000024      | 0x0          | .text (16)         | 0x00000024       |
|--------------------------------------------------------------------------------------------------------------|
| cstart.obj     | .text.cstart (588) | 0x000000a8      | 0x0          | .text.cstart (588) | 0x000000a8       |
|--------------------------------------------------------------------------------------------------------------|
| divmod64.obj   | .text.libc (389)   | 0x000000d0      | 0x0          | .text.libc (389)   | 0x000000d0       |
|--------------------------------------------------------------------------------------------------------------|
| setbuf.obj     | .text.libc (418)   | 0x00000080      | 0x0          | .text.libc (418)   | 0x00000080       |
|--------------------------------------------------------------------------------------------------------------|
| _iob.obj       | .text.libc (425)   | 0x00000050      | 0x0          | .text.libc (425)   | 0x00000050       |
|--------------------------------------------------------------------------------------------------------------|
| fclose.obj     | .text.libc (475)   | 0x00000070      | 0x0          | .text.libc (475)   | 0x00000070       |
|--------------------------------------------------------------------------------------------------------------|
| fflush.obj     | .text.libc (482)   | 0x00000114      | 0x0          | .text.libc (482)   | 0x00000114       |
|--------------------------------------------------------------------------------------------------------------|
| exit.obj       | .text.libc (493)   | 0x00000030      | 0x0          | .text.libc (493)   | 0x00000030       |
|--------------------------------------------------------------------------------------------------------------|
| fss__close.obj | .text.libc (507)   | 0x00000078      | 0x0          | .text.libc (507)   | 0x00000078       |
|--------------------------------------------------------------------------------------------------------------|
| fss__lseek.obj | .text.libc (514)   | 0x00000098      | 0x0          | .text.libc (514)   | 0x00000098       |
|--------------------------------------------------------------------------------------------------------------|
| fss_init.obj   | .text.libc (521)   | 0x000000b0      | 0x0          | .text.libc (521)   | 0x000000b0       |
|--------------------------------------------------------------------------------------------------------------|
| fss__open2.obj | .text.libc (530)   | 0x000000b0      | 0x0          | .text.libc (530)   | 0x000000b0       |
|--------------------------------------------------------------------------------------------------------------|
| fss.obj        | .text.libc (537)   | 0x00000008      | 0x0          | .text.libc (537)   | 0x00000008       |
|--------------------------------------------------------------------------------------------------------------|
| strcpy.obj     | .text.libc (559)   | 0x00000020      | 0x0          | .text.libc (559)   | 0x00000020       |
|--------------------------------------------------------------------------------------------------------------|
| strlen.obj     | .text.libc (566)   | 0x0000001c      | 0x0          | .text.libc (566)   | 0x0000001c       |
|--------------------------------------------------------------------------------------------------------------|
| weakstub.obj   | .text.libc (573)   | 0x00000008      | 0x0          | .text.libc (573)   | 0x00000008       |
|--------------------------------------------------------------------------------------------------------------|
| _Exit.obj      | .text.libc (580)   | 0x00000008      | 0x0          | .text.libc (580)   | 0x00000008       |
+--------------------------------------------------------------------------------------------------------------+


**********************************************************************  Cross References  **********************************************************************
+--------------------------------------------------------------------------------------------------------------------+
| Definition file | Definition section | Symbol      | Referenced in                                                 |
|====================================================================================================================|
| _Exit.obj       | .text.libc (580)   | _Exit       | exit.obj, cstart.obj                                          |
| _iob.obj        | .data.libc (426)   | _iob        | main.obj, _filbuf.obj, fflush.obj                             |
| _iob.obj        | .text.libc (425)   | _doclose    | exit.obj                                                      |
| cstart.obj      | .text.cstart (588) | _START      | main.obj                                                      |
| divmod64.obj    | .text.libc (389)   | __udiv64    | main.obj                                                      |
| errno.obj       | .bss.libc (589)    | errno       | fss__read.obj, fss__close.obj, fss__lseek.obj, fss__open2.obj |
| exit.obj        | .text.libc (493)   | exit        | _iob.obj, cstart.obj                                          |
| fclose.obj      | .text.libc (475)   | fclose      | _iob.obj                                                      |
| fflush.obj      | .text.libc (482)   | _fflush     | ungetc.obj, _filbuf.obj, _flsbuf.obj, fclose.obj              |
| fss.obj         | .bss.libc (538)    | _fss_buffer | fss__read.obj, fss__close.obj, fss__lseek.obj, fss__open2.obj |
| fss.obj         | .text.libc (537)   | _fss_break  | fss__read.obj, fss__close.obj, fss__lseek.obj, fss__open2.obj |
| fss__close.obj  | .text.libc (507)   | _close      | fclose.obj                                                    |
| fss__lseek.obj  | .text.libc (514)   | _lseek      | fflush.obj                                                    |
| fss__open2.obj  | .text.libc (530)   | _host_open2 | fss_init.obj                                                  |
| fss_init.obj    | .text.libc (521)   | _fss_init   | fss__read.obj, fss__close.obj, fss__lseek.obj                 |
| main.obj        | .text (12)         | main        | cstart.obj                                                    |
| main.obj        | .text (15)         | _write      | _flsbuf.obj, fflush.obj                                       |
| setbuf.obj      | .text.libc (418)   | setbuf      | main.obj                                                      |
| strcpy.obj      | .text.libc (559)   | strcpy      | fss__open2.obj                                                |
| strlen.obj      | .text.libc (566)   | strlen      | fss__open2.obj                                                |
| weakstub.obj    | .text.libc (573)   | _doexit     | exit.obj                                                      |
| weakstub.obj    | .text.libc (573)   | _dofree     | setbuf.obj, fclose.obj                                        |
| weakstub.obj    | .text.libc (573)   | _weakstub   | setbuf.obj, fclose.obj, exit.obj                              |
+--------------------------------------------------------------------------------------------------------------------+


*************************************************************************  Call Graph  *************************************************************************
_host_lseek
|
+-- _fss_init *
|
+-- _fss_break *

_fss_break

_fss_init
|
+-- _host_open2
    |
    +-- strlen
    |
    +-- strcpy
    |
    +-- _fss_break *

_host_close
|
+-- _fss_init *
|
+-- _fss_break *

main
|
+-- main.c:init
|   |
|   +-- uart8_init
|   |   |
|   |   +-- __udiv64
|   |
|   +-- setbuf
|       |
|       +-- _dofree *
|
+-- uart8_getchar

_dofree

exit
|
+-- _doexit
|
+-- _doclose
|   |
|   +-- fclose
|       |
|       +-- _fflush
|       |   |
|       |   +-- _write
|       |   |   |
|       |   |   +-- uart8_putchar
|       |   |
|       |   +-- _lseek
|       |
|       +-- _dofree *
|       |
|       +-- _close
|
+-- _Exit



**************************************************************************  Overlay  ***************************************************************************


***********************************************************************  Locate Result  ************************************************************************

* Task entry address
=====================
+---------------------------+
| symbol           | _START |
| absolute address | 0x0    |
+---------------------------+

* Sections
===========

+ Space system:sw:main (MAU = 8bit)

+------------------------------------------------------------------------------------------+
| Chip        | Group | Section                     | Size (MAU) | Space addr | Chip addr  |
|==========================================================================================|
| system:irom |       | .text.cstart (588)          | 0x000000a8 | 0x0        | 0x0        |
| system:irom |       | [.data.libc] (605)          | 0x000000c8 | 0x000000a8 | 0x000000a8 |
| system:irom |       | .rodata.libc (523)          | 0x0000000c | 0x00000170 | 0x00000170 |
| system:irom |       | .text (16)                  | 0x00000024 | 0x0000017c | 0x0000017c |
| system:irom |       | .text (14)                  | 0x00000024 | 0x000001a0 | 0x000001a0 |
| system:irom |       | .text (12)                  | 0x00000044 | 0x000001c4 | 0x000001c4 |
| system:irom |       | .text (15)                  | 0x0000006c | 0x00000208 | 0x00000208 |
| system:irom |       | .text (13)                  | 0x00000078 | 0x00000274 | 0x00000274 |
| system:irom |       | .text (1)                   | 0x00000158 | 0x000002ec | 0x000002ec |
| system:irom |       | .text.libc (580)            | 0x00000008 | 0x00000444 | 0x00000444 |
| system:irom |       | .text.libc (573)            | 0x00000008 | 0x0000044c | 0x0000044c |
| system:irom |       | .text.libc (537)            | 0x00000008 | 0x00000454 | 0x00000454 |
| system:irom |       | .text.libc (566)            | 0x0000001c | 0x0000045c | 0x0000045c |
| system:irom |       | .text.libc (559)            | 0x00000020 | 0x00000478 | 0x00000478 |
| system:irom |       | .text.libc (493)            | 0x00000030 | 0x00000498 | 0x00000498 |
| system:irom |       | .text.libc (425)            | 0x00000050 | 0x000004c8 | 0x000004c8 |
| system:irom |       | .text.libc (475)            | 0x00000070 | 0x00000518 | 0x00000518 |
| system:irom |       | .text.libc (507)            | 0x00000078 | 0x00000588 | 0x00000588 |
| system:irom |       | .text.libc (418)            | 0x00000080 | 0x00000600 | 0x00000600 |
| system:irom |       | .text.libc (514)            | 0x00000098 | 0x00000680 | 0x00000680 |
| system:irom |       | .text.libc (530)            | 0x000000b0 | 0x00000718 | 0x00000718 |
| system:irom |       | .text.libc (521)            | 0x000000b0 | 0x000007c8 | 0x000007c8 |
| system:irom |       | .text.libc (389)            | 0x000000d0 | 0x00000878 | 0x00000878 |
| system:irom |       | .text.libc (482)            | 0x00000114 | 0x00000948 | 0x00000948 |
| system:irom |       | [.sdata] (604)              | 0x00000004 | 0x00000a5c | 0x00000a5c |
| system:irom |       | [.sdata] (603)              | 0x00000008 | 0x00000a60 | 0x00000a60 |
| system:irom |       | table (602)                 | 0x00000070 | 0x00000a68 | 0x00000a68 |
| system:iram | sda   | .sdata (43)                 | 0x00000008 | 0x00004000 | 0x0        |
| system:iram | sda   | .sdata (45)                 | 0x00000004 | 0x00004008 | 0x00000008 |
| system:iram | sda   | .sbss (42)                  | 0x00000004 | 0x0000400c | 0x0000000c |
| system:iram |       | .data.libc (426)            | 0x000000c8 | 0x00004010 | 0x00000010 |
| system:iram |       | .bss (44)                   | 0x00000070 | 0x000040d8 | 0x000000d8 |
| system:iram |       | .bss.libc (427)             | 0x000000a0 | 0x00004148 | 0x00000148 |
| system:iram |       | .bss.libc (522)             | 0x00000003 | 0x000041e8 | 0x000001e8 |
| system:iram |       | .alignment_protection (606) | 0x00000001 | 0x000041eb | 0x000001eb |
| system:iram |       | .bss.libc (538)             | 0x0000010c | 0x000041ec | 0x000001ec |
| system:iram |       | .bss.libc (589)             | 0x00000004 | 0x000042f8 | 0x000002f8 |
| system:iram |       | stack (600)                 | 0x00001000 | 0x000042fc | 0x000002fc |
+------------------------------------------------------------------------------------------+

* Symbols (sorted on name)
===========================
+-----------------------------------------------------+
| Name                  | Space addr | Space          |
|=====================================================|
| __libc_references     | 0x0        | -              |
|-----------------------------------------------------|
| _EXCEPTION_BASE_      | 0x00000100 | system:sw:main |
| _Exit                 | 0x00000444 |                |
| _SDA_BASE_            | 0x0000c000 |                |
| _START                | 0x0        |                |
| _VECTORED_INTERRUPTS_ | 0x0        |                |
| __udiv64              | 0x00000878 |                |
| _close                | 0x00000588 |                |
| _doclose              | 0x000004c8 |                |
| _doexit               | 0x0000044c |                |
| _dofree               | 0x0000044c |                |
| _fflush               | 0x00000948 |                |
| _fss_break            | 0x00000454 |                |
| _fss_buffer           | 0x000041ec |                |
| _fss_init             | 0x000007c8 |                |
| _host_close           | 0x00000588 |                |
| _host_lseek           | 0x00000680 |                |
| _host_open2           | 0x00000718 |                |
| _iob                  | 0x00004010 |                |
| _lc_gb_grp_bounds     | 0x0        |                |
| _lc_gb_intvec         | 0x0        |                |
| _lc_gb_sda            | 0x00004000 |                |
| _lc_ge_grp_bounds     | 0x0        |                |
| _lc_ge_intvec         | 0x0        |                |
| _lc_ge_sda            | 0x00004010 |                |
| _lc_ub_stack          | 0x000052fc |                |
| _lc_ub_table          | 0x00000a68 |                |
| _lseek                | 0x00000680 |                |
| _weakstub             | 0x0000044c |                |
| _write                | 0x00000208 |                |
| device_uart           | 0x000040d8 |                |
| errno                 | 0x000042f8 |                |
| exit                  | 0x00000498 |                |
| fclose                | 0x00000518 |                |
| leds                  | 0x00004008 |                |
| main                  | 0x000001c4 |                |
| proc_clock_freq       | 0x00004000 |                |
| proc_clock_period     | 0x00004004 |                |
| rxbuf                 | 0x00004108 |                |
| setbuf                | 0x00000600 |                |
| strcpy                | 0x00000478 |                |
| strlen                | 0x0000045c |                |
| txbuf                 | 0x00004128 |                |
| uart8_getchar         | 0x000001a0 |                |
| uart8_init            | 0x000002ec |                |
| uart8_putchar         | 0x0000017c |                |
+-----------------------------------------------------+

* Symbols (sorted on address)
==============================
+-----------------------------------------------------+
| Space addr | Name                  | Space          |
|=====================================================|
| 0x0        | __libc_references     | -              |
|-----------------------------------------------------|
| 0x0        | _START                | system:sw:main |
| 0x0        | _VECTORED_INTERRUPTS_ |                |
| 0x0        | _lc_gb_grp_bounds     |                |
| 0x0        | _lc_gb_intvec         |                |
| 0x0        | _lc_ge_grp_bounds     |                |
| 0x0        | _lc_ge_intvec         |                |
| 0x00000100 | _EXCEPTION_BASE_      |                |
| 0x0000017c | uart8_putchar         |                |
| 0x000001a0 | uart8_getchar         |                |
| 0x000001c4 | main                  |                |
| 0x00000208 | _write                |                |
| 0x000002ec | uart8_init            |                |
| 0x00000444 | _Exit                 |                |
| 0x0000044c | _doexit               |                |
| 0x0000044c | _dofree               |                |
| 0x0000044c | _weakstub             |                |
| 0x00000454 | _fss_break            |                |
| 0x0000045c | strlen                |                |
| 0x00000478 | strcpy                |                |
| 0x00000498 | exit                  |                |
| 0x000004c8 | _doclose              |                |
| 0x00000518 | fclose                |                |
| 0x00000588 | _close                |                |
| 0x00000588 | _host_close           |                |
| 0x00000600 | setbuf                |                |
| 0x00000680 | _host_lseek           |                |
| 0x00000680 | _lseek                |                |
| 0x00000718 | _host_open2           |                |
| 0x000007c8 | _fss_init             |                |
| 0x00000878 | __udiv64              |                |
| 0x00000948 | _fflush               |                |
| 0x00000a68 | _lc_ub_table          |                |
| 0x00004000 | _lc_gb_sda            |                |
| 0x00004000 | proc_clock_freq       |                |
| 0x00004004 | proc_clock_period     |                |
| 0x00004008 | leds                  |                |
| 0x00004010 | _iob                  |                |
| 0x00004010 | _lc_ge_sda            |                |
| 0x000040d8 | device_uart           |                |
| 0x00004108 | rxbuf                 |                |
| 0x00004128 | txbuf                 |                |
| 0x000041ec | _fss_buffer           |                |
| 0x000042f8 | errno                 |                |
| 0x000052fc | _lc_ub_stack          |                |
| 0x0000c000 | _SDA_BASE_            |                |
+-----------------------------------------------------+


************************************************************************  Locate Rules  ************************************************************************
+--------------------------------------------------------------------------------------------------------------------------------------------------------------+
| Address space  | Type         | Properties | Sections                                                                                                        |
|==============================================================================================================================================================|
| system:sw:main | absolute     | 0x00000000 | .text.cstart (588)                                                                                              |
| system:sw:main | contiguous   |            | .sdata (43) | .sdata (45) | .sbss (42)                                                                          |
| system:sw:main | clustered    |            | .data.libc (426)                                                                                                |
| system:sw:main | clustered    |            | .bss (44) + .bss.libc (427) + .bss.libc (522) + .bss.libc (538) + .bss.libc (589)                               |
| system:sw:main | clustered    |            | [.data.libc] (605)                                                                                              |
| system:sw:main | unrestricted |            | .rodata.libc (523) , .text (16) , .text (14) , .text (12) , .text (15) , .text (13) , .text (1) , .text.libc    |
|                |              |            | (580) , .text.libc (573) , .text.libc (537) , .text.libc (566) , .text.libc (559) , .text.libc (493) ,          |
|                |              |            | .text.libc (425) , .text.libc (475) , .text.libc (507) , .text.libc (418) , .text.libc (514) , .text.libc       |
|                |              |            | (530) , .text.libc (521) , .text.libc (389) , .text.libc (482) , [.sdata] (604) , [.sdata] (603) , table (602)  |
| system:sw:main | unrestricted |            | stack (600)                                                                                                     |
| system:sw:main | unrestricted |            | .alignment_protection (606)                                                                                     |
+--------------------------------------------------------------------------------------------------------------------------------------------------------------+
