

********************************************************************  Processed Files Part  ********************************************************************
+-----------------------------------------------------------------+
| File             | From archive | Symbol causing the extraction |
|=================================================================|
| _Exit.obj        | c51ss.lib    | __Exit                        |
| init.obj         | c51ss.lib    | __init                        |
| muli.obj         | rt51.lib     | __MULI                        |
| serial.obj       |              |                               |
| source1.obj      |              |                               |
| tsk51_cstart.obj |              |                               |
| udivi.obj        | rt51.lib     | __UDIVI                       |
+-----------------------------------------------------------------+


*************************************************************************  Link Part  **************************************************************************
+------------------------------------------------------------------------------------------+
| [in] File        | [in] Section | [in] Size  | [out] Offset | [out] Section | [out] Size |
|==========================================================================================|
| _Exit.obj        | _Exit        | 0x00000002 | 0x00000000   | _Exit         | 0x00000002 |
|------------------------------------------------------------------------------------------|
| serial.obj       | __B0R0       | 0x00000001 | 0x00000000   | __B0R0        | 0x00000001 |
| udivi.obj        | __B0R0       | 0x00000001 | 0x00000000   |               |            |
| init.obj         | __B0R0       | 0x00000001 | 0x00000000   |               |            |
| source1.obj      | __B0R0       | 0x00000001 | 0x00000000   |               |            |
|------------------------------------------------------------------------------------------|
| serial.obj       | __B0R1       | 0x00000001 | 0x00000000   | __B0R1        | 0x00000001 |
| udivi.obj        | __B0R1       | 0x00000001 | 0x00000000   |               |            |
| init.obj         | __B0R1       | 0x00000001 | 0x00000000   |               |            |
| source1.obj      | __B0R1       | 0x00000001 | 0x00000000   |               |            |
|------------------------------------------------------------------------------------------|
| source1.obj      | __B0R2       | 0x00000001 | 0x00000000   | __B0R2        | 0x00000001 |
| init.obj         | __B0R2       | 0x00000001 | 0x00000000   |               |            |
|------------------------------------------------------------------------------------------|
| source1.obj      | __B0R3       | 0x00000001 | 0x00000000   | __B0R3        | 0x00000001 |
| init.obj         | __B0R3       | 0x00000001 | 0x00000000   |               |            |
|------------------------------------------------------------------------------------------|
| source1.obj      | __B0R4       | 0x00000001 | 0x00000000   | __B0R4        | 0x00000001 |
| udivi.obj        | __B0R4       | 0x00000001 | 0x00000000   |               |            |
| muli.obj         | __B0R4       | 0x00000001 | 0x00000000   |               |            |
| init.obj         | __B0R4       | 0x00000001 | 0x00000000   |               |            |
|------------------------------------------------------------------------------------------|
| source1.obj      | __B0R5       | 0x00000001 | 0x00000000   | __B0R5        | 0x00000001 |
| udivi.obj        | __B0R5       | 0x00000001 | 0x00000000   |               |            |
| muli.obj         | __B0R5       | 0x00000001 | 0x00000000   |               |            |
| init.obj         | __B0R5       | 0x00000001 | 0x00000000   |               |            |
|------------------------------------------------------------------------------------------|
| tsk51_cstart.obj | __B0R6       | 0x00000001 | 0x00000000   | __B0R6        | 0x00000001 |
| udivi.obj        | __B0R6       | 0x00000001 | 0x00000000   |               |            |
| muli.obj         | __B0R6       | 0x00000001 | 0x00000000   |               |            |
| init.obj         | __B0R6       | 0x00000001 | 0x00000000   |               |            |
| source1.obj      | __B0R6       | 0x00000001 | 0x00000000   |               |            |
| serial.obj       | __B0R6       | 0x00000001 | 0x00000000   |               |            |
|------------------------------------------------------------------------------------------|
| tsk51_cstart.obj | __B0R7       | 0x00000001 | 0x00000000   | __B0R7        | 0x00000001 |
| udivi.obj        | __B0R7       | 0x00000001 | 0x00000000   |               |            |
| muli.obj         | __B0R7       | 0x00000001 | 0x00000000   |               |            |
| init.obj         | __B0R7       | 0x00000001 | 0x00000000   |               |            |
| source1.obj      | __B0R7       | 0x00000001 | 0x00000000   |               |            |
| serial.obj       | __B0R7       | 0x00000001 | 0x00000000   |               |            |
|------------------------------------------------------------------------------------------|
| tsk51_cstart.obj | _start       | 0x00000019 | 0x00000000   | _start        | 0x00000019 |
|------------------------------------------------------------------------------------------|
| tsk51_cstart.obj | code         | 0x00000003 | 0x00000000   | code          | 0x00000003 |
|------------------------------------------------------------------------------------------|
| serial.obj       | code         | 0x0000003d | 0x00000000   | code          | 0x0000003d |
|------------------------------------------------------------------------------------------|
| serial.obj       | code         | 0x00000009 | 0x00000000   | code          | 0x00000009 |
|------------------------------------------------------------------------------------------|
| serial.obj       | code         | 0x0000001e | 0x00000000   | code          | 0x0000001e |
|------------------------------------------------------------------------------------------|
| source1.obj      | code         | 0x0000004d | 0x00000000   | code          | 0x0000004d |
|------------------------------------------------------------------------------------------|
| source1.obj      | code         | 0x0000000b | 0x00000000   | code          | 0x0000000b |
|------------------------------------------------------------------------------------------|
| source1.obj      | code         | 0x00000035 | 0x00000000   | code          | 0x00000035 |
|------------------------------------------------------------------------------------------|
| source1.obj      | code         | 0x00000019 | 0x00000000   | code          | 0x00000019 |
|------------------------------------------------------------------------------------------|
| source1.obj      | code         | 0x0000006b | 0x00000000   | code          | 0x0000006b |
|------------------------------------------------------------------------------------------|
| source1.obj      | code         | 0x00000007 | 0x00000000   | code          | 0x00000007 |
|------------------------------------------------------------------------------------------|
| source1.obj      | code         | 0x00000062 | 0x00000000   | code          | 0x00000062 |
|------------------------------------------------------------------------------------------|
| source1.obj      | code         | 0x00000006 | 0x00000000   | code          | 0x00000006 |
|------------------------------------------------------------------------------------------|
| source1.obj      | code         | 0x0000000c | 0x00000000   | code          | 0x0000000c |
|------------------------------------------------------------------------------------------|
| source1.obj      | code         | 0x00000190 | 0x00000000   | code          | 0x00000190 |
|------------------------------------------------------------------------------------------|
| source1.obj      | code         | 0x00000009 | 0x00000000   | code          | 0x00000009 |
|------------------------------------------------------------------------------------------|
| source1.obj      | code         | 0x00000007 | 0x00000000   | code          | 0x00000007 |
|------------------------------------------------------------------------------------------|
| source1.obj      | code         | 0x00000008 | 0x00000000   | code          | 0x00000008 |
|------------------------------------------------------------------------------------------|
| source1.obj      | code         | 0x0000002f | 0x00000000   | code          | 0x0000002f |
|------------------------------------------------------------------------------------------|
| source1.obj      | code         | 0x00000008 | 0x00000000   | code          | 0x00000008 |
|------------------------------------------------------------------------------------------|
| init.obj         | code         | 0x0000012a | 0x00000000   | code          | 0x0000012a |
|------------------------------------------------------------------------------------------|
| muli.obj         | code         | 0x00000015 | 0x00000000   | code          | 0x00000015 |
|------------------------------------------------------------------------------------------|
| udivi.obj        | code         | 0x00000097 | 0x00000000   | code          | 0x00000097 |
|------------------------------------------------------------------------------------------|
| serial.obj       | code         | 0x00000008 | 0x00000000   | code          | 0x00000008 |
| source1.obj      | code         | 0x00000008 | 0x00000000   |               |            |
|------------------------------------------------------------------------------------------|
| source1.obj      | data         | 0x00000001 | 0x00000000   | data          | 0x00000001 |
|------------------------------------------------------------------------------------------|
| source1.obj      | data         | 0x00000004 | 0x00000000   | data          | 0x00000004 |
|------------------------------------------------------------------------------------------|
| source1.obj      | data         | 0x00000004 | 0x00000000   | data          | 0x00000004 |
|------------------------------------------------------------------------------------------|
| source1.obj      | data         | 0x00000004 | 0x00000000   | data          | 0x00000004 |
|------------------------------------------------------------------------------------------|
| source1.obj      | data         | 0x00000008 | 0x00000000   | data          | 0x00000008 |
|------------------------------------------------------------------------------------------|
| source1.obj      | data         | 0x00000001 | 0x00000000   | data          | 0x00000001 |
|------------------------------------------------------------------------------------------|
| source1.obj      | data         | 0x00000001 | 0x00000000   | data          | 0x00000001 |
|------------------------------------------------------------------------------------------|
| source1.obj      | data         | 0x00000001 | 0x00000000   | data          | 0x00000001 |
|------------------------------------------------------------------------------------------|
| source1.obj      | data         | 0x00000001 | 0x00000000   | data          | 0x00000001 |
|------------------------------------------------------------------------------------------|
| source1.obj      | data         | 0x00000001 | 0x00000000   | data          | 0x00000001 |
|------------------------------------------------------------------------------------------|
| source1.obj      | data         | 0x00000001 | 0x00000000   | data          | 0x00000001 |
|------------------------------------------------------------------------------------------|
| source1.obj      | data         | 0x00000001 | 0x00000000   | data          | 0x00000001 |
|------------------------------------------------------------------------------------------|
| source1.obj      | data         | 0x00000001 | 0x00000000   | data          | 0x00000001 |
|------------------------------------------------------------------------------------------|
| source1.obj      | data         | 0x00000001 | 0x00000000   | data          | 0x00000001 |
|------------------------------------------------------------------------------------------|
| source1.obj      | data         | 0x00000001 | 0x00000000   | data          | 0x00000001 |
+------------------------------------------------------------------------------------------+


********************************************************************  Cross Reference Part  ********************************************************************
+--------------------------------------------------------------------------+
| Definition file  | Definition section | Symbol        | Referenced in    |
|==========================================================================|
| _Exit.obj        | _Exit              | __Exit        | tsk51_cstart.obj |
| _Exit.obj        | _Exit              | _exit         | tsk51_cstart.obj |
| init.obj         | code               | __init        | tsk51_cstart.obj |
| muli.obj         | code               | __MULI        | source1.obj      |
| serial.obj       | code               | _serial_getch | source1.obj      |
| serial.obj       | code               | _serial_init  | source1.obj      |
| serial.obj       | code               | _serial_putch | source1.obj      |
| source1.obj      | code               | _main         | tsk51_cstart.obj |
| tsk51_cstart.obj | _start             | __start       | source1.obj      |
| udivi.obj        | code               | __UDIVI       | source1.obj      |
+--------------------------------------------------------------------------+


**********************************************************************  Call Graph Part  ***********************************************************************
@_serial_puts
|
+-- @_serial_putch *

@_serial_putch

@_sendData
|
+-- @_serial_putch *

@_beep
|
+-- @_delay

@__start
|
+-- @_exit
|
+-- @_main
|   |
|   +-- @_recivePacket
|   |   |
|   |   +-- @_setServo
|   |   |   |
|   |   |   +-- @_SetData *
|   |   |
|   |   +-- @_SetData *
|   |   |
|   |   +-- @_serial_getch
|   |
|   +-- @_init
|       |
|       +-- @_SetData *
|       |
|       +-- @_getDipState
|       |
|       +-- @_serial_init
|
+-- @__init

@_SetData



************************************************************************  Overlay Part  ************************************************************************

* Overlay: stack_data
======================
+-------------------+
| size | 0x0000000a |
+-------------------+

+ Paths
+-------------------------------------------------------------------------+
| [in] File        | [in] Section             | [in] Size  | [out] Offset |
|=========================================================================|
| _Exit.obj        | stack_data@__Exit        | 0x00000000 | 0x00000000   |
|-------------------------------------------------------------------------|
| tsk51_cstart.obj | stack_data@__start       | 0x00000000 | 0x00000000   |
| source1.obj      | stack_data@_main         | 0x00000000 | 0x00000000   |
| source1.obj      | stack_data@_recivePacket | 0x00000002 | 0x00000000   |
| source1.obj      | stack_data@_setServo     | 0x00000000 | 0x00000002   |
| source1.obj      | stack_data@_SetData      | 0x00000000 | 0x00000002   |
|-------------------------------------------------------------------------|
| tsk51_cstart.obj | stack_data@__start       | 0x00000000 | 0x00000000   |
| source1.obj      | stack_data@_main         | 0x00000000 | 0x00000000   |
| source1.obj      | stack_data@_recivePacket | 0x00000002 | 0x00000000   |
| source1.obj      | stack_data@_SetData      | 0x00000000 | 0x00000002   |
|-------------------------------------------------------------------------|
| tsk51_cstart.obj | stack_data@__start       | 0x00000000 | 0x00000000   |
| source1.obj      | stack_data@_main         | 0x00000000 | 0x00000000   |
| source1.obj      | stack_data@_recivePacket | 0x00000002 | 0x00000000   |
| serial.obj       | stack_data@_serial_getch | 0x00000000 | 0x00000002   |
|-------------------------------------------------------------------------|
| tsk51_cstart.obj | stack_data@__start       | 0x00000000 | 0x00000000   |
| source1.obj      | stack_data@_main         | 0x00000000 | 0x00000000   |
| source1.obj      | stack_data@_init         | 0x00000000 | 0x00000000   |
| init.obj         | stack_data@_init         | 0x00000000 | 0x00000000   |
| source1.obj      | stack_data@_SetData      | 0x00000000 | 0x00000002   |
|-------------------------------------------------------------------------|
| tsk51_cstart.obj | stack_data@__start       | 0x00000000 | 0x00000000   |
| source1.obj      | stack_data@_main         | 0x00000000 | 0x00000000   |
| source1.obj      | stack_data@_init         | 0x00000000 | 0x00000000   |
| init.obj         | stack_data@_init         | 0x00000000 | 0x00000000   |
| source1.obj      | stack_data@_getDipState  | 0x00000000 | 0x00000000   |
|-------------------------------------------------------------------------|
| tsk51_cstart.obj | stack_data@__start       | 0x00000000 | 0x00000000   |
| source1.obj      | stack_data@_main         | 0x00000000 | 0x00000000   |
| source1.obj      | stack_data@_init         | 0x00000000 | 0x00000000   |
| init.obj         | stack_data@_init         | 0x00000000 | 0x00000000   |
| serial.obj       | stack_data@_serial_init  | 0x00000000 | 0x00000000   |
|-------------------------------------------------------------------------|
| source1.obj      | stack_data@_beep         | 0x00000004 | 0x00000002   |
| source1.obj      | stack_data@_delay        | 0x00000000 | 0x00000006   |
|-------------------------------------------------------------------------|
| source1.obj      | stack_data@_putch        | 0x00000000 | 0x00000006   |
|-------------------------------------------------------------------------|
| source1.obj      | stack_data@_sendData     | 0x00000004 | 0x00000006   |
| serial.obj       | stack_data@_serial_putch | 0x00000000 | 0x0000000a   |
|-------------------------------------------------------------------------|
| serial.obj       | stack_data@_serial_puts  | 0x00000000 | 0x0000000a   |
| serial.obj       | stack_data@_serial_putch | 0x00000000 | 0x0000000a   |
+-------------------------------------------------------------------------+


************************************************************************  Locate Part  *************************************************************************

* Task entry address
=====================
+------------------+
| symbol | __start |
+------------------+

* Section translation
======================

+ Space system:sw:data

+-------------------------------------------------------------------------+
| Chip        | Group | Section    | Size (MAU) | Space addr | Chip addr  |
|=========================================================================|
| system:iram |       | __B0R0     | 0x00000001 | 0x00000000 | 0x00000000 |
|             |       | __B0R1     | 0x00000001 | 0x00000001 | 0x00000001 |
|             |       | __B0R2     | 0x00000001 | 0x00000002 | 0x00000002 |
|             |       | __B0R3     | 0x00000001 | 0x00000003 | 0x00000003 |
|             |       | __B0R4     | 0x00000001 | 0x00000004 | 0x00000004 |
|             |       | __B0R5     | 0x00000001 | 0x00000005 | 0x00000005 |
|             |       | __B0R6     | 0x00000001 | 0x00000006 | 0x00000006 |
|             |       | __B0R7     | 0x00000001 | 0x00000007 | 0x00000007 |
|             |       | data       | 0x00000001 | 0x00000008 | 0x00000008 |
|             |       | data       | 0x00000001 | 0x00000009 | 0x00000009 |
|             |       | data       | 0x00000001 | 0x0000000a | 0x0000000a |
|             |       | data       | 0x00000001 | 0x0000000b | 0x0000000b |
|             |       | data       | 0x00000001 | 0x0000000c | 0x0000000c |
|             |       | data       | 0x00000001 | 0x0000000d | 0x0000000d |
|             |       | data       | 0x00000001 | 0x0000000e | 0x0000000e |
|             |       | data       | 0x00000001 | 0x0000000f | 0x0000000f |
|             |       | data       | 0x00000001 | 0x00000010 | 0x00000010 |
|             |       | data       | 0x00000001 | 0x00000011 | 0x00000011 |
|             |       | data       | 0x00000001 | 0x00000012 | 0x00000012 |
|             |       | data       | 0x00000004 | 0x00000013 | 0x00000013 |
|             |       | data       | 0x00000004 | 0x00000017 | 0x00000017 |
|             |       | data       | 0x00000004 | 0x0000001b | 0x0000001b |
|             |       | data       | 0x00000008 | 0x0000001f | 0x0000001f |
|             |       | stack_data | 0x0000000a | 0x00000027 | 0x00000027 |
+-------------------------------------------------------------------------+

+ Space system:sw:idata

+-------------------------------------------------------------------------+
| Chip        | Group | Section    | Size (MAU) | Space addr | Chip addr  |
|=========================================================================|
| system:iram |       | stack      | 0x00000020 | 0x00000031 | 0x00000031 |
+-------------------------------------------------------------------------+

+ Space system:sw:code

+-------------------------------------------------------------------------+
| Chip        | Group | Section    | Size (MAU) | Space addr | Chip addr  |
|=========================================================================|
| system:xrom |       | code       | 0x00000003 | 0x00000000 | 0x00000000 |
|             |       | _start     | 0x00000019 | 0x00000003 | 0x00000003 |
|             |       | [data]     | 0x00000001 | 0x0000001c | 0x0000001c |
|             |       | _Exit      | 0x00000002 | 0x0000001d | 0x0000001d |
|             |       | code       | 0x00000006 | 0x0000001f | 0x0000001f |
|             |       | code       | 0x00000007 | 0x00000025 | 0x00000025 |
|             |       | code       | 0x00000007 | 0x0000002c | 0x0000002c |
|             |       | code       | 0x00000008 | 0x00000033 | 0x00000033 |
|             |       | code       | 0x00000008 | 0x0000003b | 0x0000003b |
|             |       | code       | 0x00000008 | 0x00000043 | 0x00000043 |
|             |       | code       | 0x00000009 | 0x0000004b | 0x0000004b |
|             |       | code       | 0x00000009 | 0x00000054 | 0x00000054 |
|             |       | code       | 0x0000000b | 0x0000005d | 0x0000005d |
|             |       | code       | 0x0000000c | 0x00000068 | 0x00000068 |
|             |       | code       | 0x00000015 | 0x00000074 | 0x00000074 |
|             |       | code       | 0x00000019 | 0x00000089 | 0x00000089 |
|             |       | code       | 0x0000001e | 0x000000a2 | 0x000000a2 |
|             |       | code       | 0x0000002f | 0x000000c0 | 0x000000c0 |
|             |       | code       | 0x00000035 | 0x000000ef | 0x000000ef |
|             |       | code       | 0x0000003d | 0x00000124 | 0x00000124 |
|             |       | code       | 0x0000004d | 0x00000161 | 0x00000161 |
|             |       | code       | 0x00000062 | 0x000001ae | 0x000001ae |
|             |       | code       | 0x0000006b | 0x00000210 | 0x00000210 |
|             |       | code       | 0x00000097 | 0x0000027b | 0x0000027b |
|             |       | code       | 0x0000012a | 0x00000312 | 0x00000312 |
|             |       | code       | 0x00000190 | 0x0000043c | 0x0000043c |
|             |       | table      | 0x00000011 | 0x000005cc | 0x000005cc |
+-------------------------------------------------------------------------+

* Symbol translation (sorted on name)
======================================
+--------------------------------------------------------+
| Name                    | Address    | Space           |
|========================================================|
| _BatteryLevel           | 0x00000009 | system:sw:data  |
| _Chip_Power             | 0x0000000b |                 |
| _Debug_Mode             | 0x00000011 |                 |
| _Direct_Power           | 0x0000000a |                 |
| _Dribbler_Power         | 0x0000000f |                 |
| _Force                  | 0x0000000d |                 |
| _Ready                  | 0x0000000e |                 |
| _SOS                    | 0x00000010 |                 |
| _Servo_State            | 0x0000000c |                 |
| __overlay__SetData      | 0x00000029 |                 |
| __overlay___Exit        | 0x00000027 |                 |
| __overlay___init        | 0x00000027 |                 |
| __overlay___start       | 0x00000027 |                 |
| __overlay__beep         | 0x0000002d |                 |
| __overlay__delay        | 0x0000002d |                 |
| __overlay__exit         | 0x00000027 |                 |
| __overlay__getDipState  | 0x00000027 |                 |
| __overlay__init         | 0x00000027 |                 |
| __overlay__main         | 0x00000027 |                 |
| __overlay__putch        | 0x0000002d |                 |
| __overlay__recivePacket | 0x00000029 |                 |
| __overlay__sendData     | 0x00000031 |                 |
| __overlay__serial_getch | 0x00000029 |                 |
| __overlay__serial_init  | 0x00000027 |                 |
| __overlay__serial_putch | 0x00000031 |                 |
| __overlay__serial_puts  | 0x00000031 |                 |
| __overlay__setServo     | 0x00000029 |                 |
| _beep_Command           | 0x00000012 |                 |
| _des                    | 0x00000013 |                 |
| _dip                    | 0x0000001f |                 |
| _dir_des                | 0x00000017 |                 |
| _push                   | 0x0000001b |                 |
| _robotNum               | 0x00000008 |                 |
| __lc_bs                 | 0x00000031 | system:sw:idata |
| __lc_ub_stack           | 0x00000031 |                 |
| _SetData                | 0x00000210 | system:sw:code  |
| __Exit                  | 0x0000001d |                 |
| __MULI                  | 0x00000074 |                 |
| __UDIVI                 | 0x0000027b |                 |
| __init                  | 0x00000313 |                 |
| __interrupt_0           | 0x00000000 |                 |
| __lc_cp                 | 0x000005cc |                 |
| __lc_ub_table           | 0x000005cc |                 |
| __start                 | 0x00000003 |                 |
| _beep                   | 0x000000ef |                 |
| _delay                  | 0x00000161 |                 |
| _exit                   | 0x0000001d |                 |
| _getDipState            | 0x00000089 |                 |
| _init                   | 0x000001ae |                 |
| _main                   | 0x00000033 |                 |
| _putch                  | 0x00000043 |                 |
| _recivePacket           | 0x0000043c |                 |
| _sendData               | 0x000000c0 |                 |
| _serial_getch           | 0x0000004b |                 |
| _serial_init            | 0x00000124 |                 |
| _serial_putch           | 0x00000043 |                 |
| _serial_puts            | 0x000000a2 |                 |
| _setServo               | 0x0000002c |                 |
+--------------------------------------------------------+

* Symbol translation (sorted on address)
=========================================
+--------------------------------------------------------+
| Address    | Name                    | Space           |
|========================================================|
| 0x00000008 | _robotNum               | system:sw:data  |
| 0x00000009 | _BatteryLevel           |                 |
| 0x0000000a | _Direct_Power           |                 |
| 0x0000000b | _Chip_Power             |                 |
| 0x0000000c | _Servo_State            |                 |
| 0x0000000d | _Force                  |                 |
| 0x0000000e | _Ready                  |                 |
| 0x0000000f | _Dribbler_Power         |                 |
| 0x00000010 | _SOS                    |                 |
| 0x00000011 | _Debug_Mode             |                 |
| 0x00000012 | _beep_Command           |                 |
| 0x00000013 | _des                    |                 |
| 0x00000017 | _dir_des                |                 |
| 0x0000001b | _push                   |                 |
| 0x0000001f | _dip                    |                 |
| 0x00000027 | __overlay___Exit        |                 |
| 0x00000027 | __overlay__exit         |                 |
| 0x00000027 | __overlay___init        |                 |
| 0x00000027 | __overlay__getDipState  |                 |
| 0x00000027 | __overlay__init         |                 |
| 0x00000027 | __overlay__main         |                 |
| 0x00000027 | __overlay__serial_init  |                 |
| 0x00000027 | __overlay___start       |                 |
| 0x00000029 | __overlay__recivePacket |                 |
| 0x00000029 | __overlay__setServo     |                 |
| 0x00000029 | __overlay__SetData      |                 |
| 0x00000029 | __overlay__serial_getch |                 |
| 0x0000002d | __overlay__delay        |                 |
| 0x0000002d | __overlay__putch        |                 |
| 0x0000002d | __overlay__beep         |                 |
| 0x00000031 | __overlay__sendData     |                 |
| 0x00000031 | __overlay__serial_puts  |                 |
| 0x00000031 | __overlay__serial_putch |                 |
| 0x00000031 | __lc_ub_stack           | system:sw:idata |
| 0x00000031 | __lc_bs                 |                 |
| 0x00000000 | __interrupt_0           | system:sw:code  |
| 0x00000003 | __start                 |                 |
| 0x0000001d | _exit                   |                 |
| 0x0000001d | __Exit                  |                 |
| 0x0000002c | _setServo               |                 |
| 0x00000033 | _main                   |                 |
| 0x00000043 | _putch                  |                 |
| 0x00000043 | _serial_putch           |                 |
| 0x0000004b | _serial_getch           |                 |
| 0x00000074 | __MULI                  |                 |
| 0x00000089 | _getDipState            |                 |
| 0x000000a2 | _serial_puts            |                 |
| 0x000000c0 | _sendData               |                 |
| 0x000000ef | _beep                   |                 |
| 0x00000124 | _serial_init            |                 |
| 0x00000161 | _delay                  |                 |
| 0x000001ae | _init                   |                 |
| 0x00000210 | _SetData                |                 |
| 0x0000027b | __UDIVI                 |                 |
| 0x00000313 | __init                  |                 |
| 0x0000043c | _recivePacket           |                 |
| 0x000005cc | __lc_ub_table           |                 |
| 0x000005cc | __lc_cp                 |                 |
+--------------------------------------------------------+


************************************************************************  Memory Part  *************************************************************************

* Address range usage at space level
=====================================
+---------------------------------------------------------------------------------+
| Name            | Total      | Used        %  | Free        %  | > free gap  %  |
|=================================================================================|
| system:sw:bdata | 0x00000010 | 0x00000010 100 | 0x00000000   0 | 0x00000000   0 |
| system:sw:bit   | 0x00000080 | 0x00000080 100 | 0x00000000   0 | 0x00000000   0 |
| system:sw:code  | 0x00010000 | 0x000005dd   3 | 0x0000fa23  97 | 0x0000fa23  97 |
| system:sw:data  | 0x00000080 | 0x00000051  64 | 0x0000002f  36 | 0x0000002f  36 |
| system:sw:idata | 0x00000100 | 0x00000051  32 | 0x000000af  68 | 0x000000af  68 |
| system:sw:pdata | 0x00000100 | 0x00000000   0 | 0x00000100 100 | 0x00000100 100 |
| system:sw:xdata | 0x00010000 | 0x00000000   0 | 0x00010000 100 | 0x00010000 100 |
+---------------------------------------------------------------------------------+

* Address range usage at memory level
======================================
+-----------------------------------------------------------------------------+
| Name        | Total      | Used        %  | Free        %  | > free gap  %  |
|=============================================================================|
| system:iram | 0x00000100 | 0x00000051  32 | 0x000000af  68 | 0x000000af  68 |
| system:xram | 0x00010000 | 0x00000000   0 | 0x00010000 100 | 0x00010000 100 |
| system:xrom | 0x00010000 | 0x000005dd   3 | 0x0000fa23  97 | 0x0000fa23  97 |
+-----------------------------------------------------------------------------+


**********************************************************************  Locate Rule Part  **********************************************************************
+--------------------------------------------------------------------------------------------------------------------------------------------------------------+
| Address space   | Type          | Properties             | Sections                                                                                          |
|==============================================================================================================================================================|
| system:sw:data  | absolute      | 0x00000000             | __B0R0                                                                                            |
| system:sw:data  | absolute      | 0x00000001             | __B0R1                                                                                            |
| system:sw:data  | absolute      | 0x00000002             | __B0R2                                                                                            |
| system:sw:data  | absolute      | 0x00000003             | __B0R3                                                                                            |
| system:sw:data  | absolute      | 0x00000004             | __B0R4                                                                                            |
| system:sw:data  | absolute      | 0x00000005             | __B0R5                                                                                            |
| system:sw:data  | absolute      | 0x00000006             | __B0R6                                                                                            |
| system:sw:data  | absolute      | 0x00000007             | __B0R7                                                                                            |
| system:sw:code  | absolute      | 0x00000000             | code                                                                                              |
| system:sw:code  | address range | 0x00000000..0x000000ff | _start                                                                                            |
| system:sw:data  | clustered     |                        | data                                                                                              |
| system:sw:code  | clustered     |                        | [data]                                                                                            |
| system:sw:data  | clustered     |                        | data + data + data + data + data + data + data + data + data + data + data + data + data + data   |
| system:sw:data  | unrestricted  |                        | stack_data                                                                                        |
| system:sw:idata | unrestricted  |                        | stack                                                                                             |
| system:sw:code  | unrestricted  |                        | _Exit   code   code   code   code   code   code   code   code   code   code   code   code   code  |
|                 |               |                        |   code   code   code   code   code   code   code   code   code   table                            |
+--------------------------------------------------------------------------------------------------------------------------------------------------------------+
